<html>
<body>
<pre>
<h1>µVision Build Log</h1>
<h2>Tool Versions:</h2>
IDE-Version: ¶ÃVision V5.24.2.0
Copyright (C) 2017 ARM Ltd and ARM Germany GmbH. All rights reserved.
License Information: Z YY, YY, LIC=RC93N-YAFD6-TG37T-RQN8J-CRL7S-Y8XYE
 
Tool Versions:
Toolchain:       MDK-ARM Plus  Version: 5.24.1
Toolchain Path:  D:\APPinstall\Keil_v5\ARM\ARMCC\Bin
C Compiler:      Armcc.exe V5.06 update 5 (build 528)
Assembler:       Armasm.exe V5.06 update 5 (build 528)
Linker/Locator:  ArmLink.exe V5.06 update 5 (build 528)
Library Manager: ArmAr.exe V5.06 update 5 (build 528)
Hex Converter:   FromElf.exe V5.06 update 5 (build 528)
CPU DLL:         SARMCM3.DLL V5.24.1
Dialog DLL:      DCM.DLL V1.16.0.0
Target DLL:      STLink\ST-LINKIII-KEIL_SWO.dll V3.0.1.0
Dialog DLL:      TCM.DLL V1.32.0.0
 
<h2>Project:</h2>
D:\MyWorkSpace\AIoT\MyCode\SmartHome\STM32_SPL\02_µ„¡¡LED\stm32f103.uvprojx
Project File Date:  04/06/2026

<h2>Output:</h2>
*** Using Compiler 'V5.06 update 5 (build 528)', folder: 'D:\APPinstall\Keil_v5\ARM\ARMCC\Bin'
Rebuild target 'STM32F103'
compiling core_cm3.c...
assembling startup_stm32f10x_md.s...
compiling stm32f10x_it.c...
compiling base64.c...
compiling system_stm32f10x.c...
compiling usart.c...
compiling hmac_sha1.c...
compiling MqttKit.c...
compiling delay.c...
compiling misc.c...
compiling stm32f10x_rcc.c...
compiling stm32f10x_gpio.c...
compiling esp8266.c...
compiling led.c...
compiling stm32f10x_usart.c...
compiling main.c...
user\main.c(58): warning:  #177-D: variable "timeCount"  was declared but never referenced
  	unsigned short timeCount = 0;	//ÂèëÈÄÅÈó¥ÈöîÂèòÈá?
user\main.c(60): warning:  #177-D: variable "dataPtr"  was declared but never referenced
  	unsigned char *dataPtr = NULL;
user\main.c: 2 warnings, 0 errors
compiling onenet.c...
linking...
Program Size: Code=11872 RO-data=784 RW-data=52 ZI-data=2148  
FromELF: creating hex file...
".\output\stm32f103.axf" - 0 Error(s), 2 Warning(s).

<h2>Software Packages used:</h2>

Package Vendor: ARM
                http://www.keil.com/pack/ARM.CMSIS.5.0.1.pack
                ARM.CMSIS.5.0.1
                CMSIS (Cortex Microcontroller Software Interface Standard)
   * Component: CORE Version: 5.0.1

Package Vendor: Keil
                http://www.keil.com/pack/Keil.STM32F1xx_DFP.2.3.0.pack
                Keil.STM32F1xx_DFP.2.3.0
                STMicroelectronics STM32F1 Series Device Support, Drivers and Examples

<h2>Collection of Component include folders:</h2>
  .\RTE\_STM32F103
  D:\APPinstall\Keil_v5\ARM\PACK\ARM\CMSIS\5.0.1\CMSIS\Include
  D:\APPinstall\Keil_v5\ARM\PACK\Keil\STM32F1xx_DFP\2.3.0\Device\Include

<h2>Collection of Component Files used:</h2>

   * Component: ARM::CMSIS:CORE:5.0.1
Build Time Elapsed:  00:00:00
</pre>
</body>
</html>
